-1-77+100+102-77232917; (0)
-1-3-5+100+200+74207281; (0)
+0-4+6-13+14; (12345)
+1+3-6-77-102+103+200+74207281-77232917; (0)
-2+3-7+12-15-77+100+102-77232917; (0)
-1+2+4+6-9-11+12-19+100-104+106-113+114+200-204+206-213+214+74207281-74207285+74207287-74207294+74207295; (0)
-1-3-5+100+200+74207281; (0)
; (0)
