+4-9+11+13; (10000)
-1-5+8-12-14; (-10001)
-1; (-1)
+0+5-10+12+14; (20001)
-1-6+9-13-15; (-20001)
