+10; (1024)
+0-11; (-1023)
+0; (1)
-1+11; (2047)
-1+11; (2047)
+20470; (0)
