+1+3; (10)
+2-6+7; (100)
+4-9+11+13; (10000)
+8-14-18-20-26+27; (100000000)
+16-23-29+31+33-37-41+43-48+50+53; (0)
+32-40-45+48-51-53-55-58+59-64-67-70-72+73+78+80-83-85-88-90-93+94-98-101+104+106; (0)
+2+5+8+11+14+16+19+23+26-29+30-33+35+38-41+42+44+48+50; (0)
+18-25-31+33+35-39-43+45-50+52+55; (0)
-1+3; (7)
-17+19+22-26+28+32+37+39-45-47+48-52+56; (0)
