+4; (16)
-1+78-89-95+102+109+111-117-120-122-124+126+128+130-133-137-139-141+142-146-151-156-161+166-171+172-175+177-181-183-185+187+189-192-195-199-201-203+204+207-212+213-217+218-222+224+227-232-234+237-240+243-246+247-253+254+256-259-261-263-265-267-269-272+273-277-279+282+284-287+288-291+292-296+299+301+310-313+315-318-322-324+326+328-331+333+335+337-340-343-345-348+352+357+362-368-374-376+378-382+387-390+392-398+400-406+408-412-414-416-418-420-422+423-428-431+432+434+436-442-445-447-450-452-457-461-464-466+468-474+478-481-483+487+491-494-496-498-501+502-505+507-511+512; (0)
