-3+5-8+9-13+14+16; (78236)
+0+4+6-9+14+18; (278353)
+0-3-5+8-13-16-18+19; (356589)
-1-3+4+6+9-13+16-19; (-200117)
-1-5-8+13+18+21+23+25-30-32-37; (0)
