+0-3; (-3)
+0+8-11-15-17-24+25-28+31-35+36-40+43+45+49-53+54+56-60-64+68-72-77-79+80+82+84-87-89-92-94-96-99-101+102; (0)
